Archive member included to satisfy reference by file (symbol)

c:/program files (x86)/atmel/studio/7.0/toolchain/avr8/avr8-gnu-toolchain/bin/../lib/gcc/avr/5.4.0/avr5\libgcc.a(_udivmodqi4.o)
                              Segment.o (__udivmodqi4)
c:/program files (x86)/atmel/studio/7.0/toolchain/avr8/avr8-gnu-toolchain/bin/../lib/gcc/avr/5.4.0/avr5\libgcc.a(_udivmodhi4.o)
                              HAL/Ultrasonic.o (__udivmodhi4)
c:/program files (x86)/atmel/studio/7.0/toolchain/avr8/avr8-gnu-toolchain/bin/../lib/gcc/avr/5.4.0/avr5\libgcc.a(_divmodhi4.o)
                              Segment.o (__divmodhi4)
c:/program files (x86)/atmel/studio/7.0/toolchain/avr8/avr8-gnu-toolchain/bin/../lib/gcc/avr/5.4.0/avr5\libgcc.a(_udivmodsi4.o)
                              APP/TEMP_Filter.o (__udivmodsi4)
c:/program files (x86)/atmel/studio/7.0/toolchain/avr8/avr8-gnu-toolchain/bin/../lib/gcc/avr/5.4.0/avr5\libgcc.a(_divmodsi4.o)
                              HAL/LCD.o (__divmodsi4)
c:/program files (x86)/atmel/studio/7.0/toolchain/avr8/avr8-gnu-toolchain/bin/../lib/gcc/avr/5.4.0/avr5\libgcc.a(_negsi2.o)
                              c:/program files (x86)/atmel/studio/7.0/toolchain/avr8/avr8-gnu-toolchain/bin/../lib/gcc/avr/5.4.0/avr5\libgcc.a(_divmodsi4.o) (__negsi2)
c:/program files (x86)/atmel/studio/7.0/toolchain/avr8/avr8-gnu-toolchain/bin/../lib/gcc/avr/5.4.0/avr5\libgcc.a(_exit.o)
                              C:/Program Files (x86)/Atmel/Studio/7.0/Packs/atmel/ATmega_DFP/1.7.374/gcc/dev/atmega32/avr5/crtatmega32.o (exit)
c:/program files (x86)/atmel/studio/7.0/toolchain/avr8/avr8-gnu-toolchain/bin/../lib/gcc/avr/5.4.0/avr5\libgcc.a(_copy_data.o)
                              CFG/DIO_Cfg.o (__do_copy_data)
c:/program files (x86)/atmel/studio/7.0/toolchain/avr8/avr8-gnu-toolchain/bin/../lib/gcc/avr/5.4.0/avr5\libgcc.a(_clear_bss.o)
                              APP/TEMP_Filter.o (__do_clear_bss)
c:/program files (x86)/atmel/studio/7.0/toolchain/avr8/avr8-gnu-toolchain/bin/../lib/gcc/avr/5.4.0/avr5\libgcc.a(_bswapsi2.o)
                              SERVICES/UART_Service.o (__bswapsi2)
c:/program files (x86)/atmel/studio/7.0/toolchain/avr8/avr8-gnu-toolchain/bin/../lib/gcc/avr/5.4.0/avr5\libgcc.a(_umulhisi3.o)
                              HAL/Sensors.o (__umulhisi3)

Allocating common symbols
Common symbol       size              file

arr                 0x14              APP/TEMP_Filter.o
distance            0x2               HAL/Ultrasonic.o
arr_old             0x8               HAL/Ultrasonic.o
tempFiltered        0x2               APP/TEMP_Filter.o
tempUnFiltered      0x2               APP/TEMP_Filter.o
arr_new             0x8               HAL/Ultrasonic.o

Discarded input sections

 .data          0x00000000        0x0 C:/Program Files (x86)/Atmel/Studio/7.0/Packs/atmel/ATmega_DFP/1.7.374/gcc/dev/atmega32/avr5/crtatmega32.o
 .bss           0x00000000        0x0 C:/Program Files (x86)/Atmel/Studio/7.0/Packs/atmel/ATmega_DFP/1.7.374/gcc/dev/atmega32/avr5/crtatmega32.o
 .text          0x00000000        0x0 APP/Car.o
 .data          0x00000000        0x0 APP/Car.o
 .bss           0x00000000        0x0 APP/Car.o
 .comment       0x00000000       0x31 APP/Car.o
 .text          0x00000000        0x0 APP/TEMP_Filter.o
 .data          0x00000000        0x0 APP/TEMP_Filter.o
 .bss           0x00000000        0x0 APP/TEMP_Filter.o
 .text.TEMPFilter_Init
                0x00000000       0x16 APP/TEMP_Filter.o
 .text.TEMPFilter_Runnable
                0x00000000       0x6c APP/TEMP_Filter.o
 .text.TEMPFilter_getFilterValue
                0x00000000        0xa APP/TEMP_Filter.o
 .text.TEMPFilter_getUnFilterValue
                0x00000000        0xa APP/TEMP_Filter.o
 .bss.i.1597    0x00000000        0x1 APP/TEMP_Filter.o
 .comment       0x00000000       0x31 APP/TEMP_Filter.o
 COMMON         0x00000000       0x18 APP/TEMP_Filter.o
 .text          0x00000000        0x0 CFG/DIO_Cfg.o
 .data          0x00000000        0x0 CFG/DIO_Cfg.o
 .bss           0x00000000        0x0 CFG/DIO_Cfg.o
 .text          0x00000000        0x0 CFG/EX_Interrupt_Cfg.o
 .data          0x00000000        0x0 CFG/EX_Interrupt_Cfg.o
 .bss           0x00000000        0x0 CFG/EX_Interrupt_Cfg.o
 .text.EX_INT0_Func
                0x00000000        0x2 CFG/EX_Interrupt_Cfg.o
 .text.EX_INT1_Func
                0x00000000        0x2 CFG/EX_Interrupt_Cfg.o
 .text.EX_INT2_Func
                0x00000000        0x2 CFG/EX_Interrupt_Cfg.o
 .comment       0x00000000       0x31 CFG/EX_Interrupt_Cfg.o
 .text          0x00000000        0x0 HAL/KeyPad.o
 .data          0x00000000        0x0 HAL/KeyPad.o
 .bss           0x00000000        0x0 HAL/KeyPad.o
 .text.KEYPAD_GetKey
                0x00000000       0x78 HAL/KeyPad.o
 .rodata.KeysArray
                0x00000000       0x10 HAL/KeyPad.o
 .text          0x00000000        0x0 HAL/LCD.o
 .data          0x00000000        0x0 HAL/LCD.o
 .bss           0x00000000        0x0 HAL/LCD.o
 .text.LCD_Init_With_Shift
                0x00000000       0x3c HAL/LCD.o
 .text.LCD_WriteChar
                0x00000000        0x4 HAL/LCD.o
 .text.LCD_WriteBinary
                0x00000000       0x34 HAL/LCD.o
 .text.LCD_WriteHex
                0x00000000       0x8c HAL/LCD.o
 .text.LCD_CustomChar
                0x00000000       0x36 HAL/LCD.o
 .text          0x00000000        0x0 HAL/Motors.o
 .data          0x00000000        0x0 HAL/Motors.o
 .bss           0x00000000        0x0 HAL/Motors.o
 .comment       0x00000000       0x31 HAL/Motors.o
 .text          0x00000000        0x0 HAL/RGB.o
 .data          0x00000000        0x0 HAL/RGB.o
 .bss           0x00000000        0x0 HAL/RGB.o
 .text.RGB_Flow
                0x00000000       0xf4 HAL/RGB.o
 .text          0x00000000        0x0 HAL/Sensors.o
 .data          0x00000000        0x0 HAL/Sensors.o
 .bss           0x00000000        0x0 HAL/Sensors.o
 .text.POT_Read
                0x00000000       0x20 HAL/Sensors.o
 .text.TEMP_Read
                0x00000000        0x6 HAL/Sensors.o
 .text.PRESSURE_Read
                0x00000000       0x28 HAL/Sensors.o
 .comment       0x00000000       0x31 HAL/Sensors.o
 .text          0x00000000        0x0 HAL/Servo.o
 .data          0x00000000        0x0 HAL/Servo.o
 .bss           0x00000000        0x0 HAL/Servo.o
 .text.SERVO_Init
                0x00000000        0xe HAL/Servo.o
 .text.SERVO_SetAngle
                0x00000000       0x2a HAL/Servo.o
 .comment       0x00000000       0x31 HAL/Servo.o
 .text          0x00000000        0x0 HAL/Ultrasonic.o
 .data          0x00000000        0x0 HAL/Ultrasonic.o
 .bss           0x00000000        0x0 HAL/Ultrasonic.o
 .text.icu_f1   0x00000000       0x3a HAL/Ultrasonic.o
 .text.ULTRASONIC_Init
                0x00000000       0x10 HAL/Ultrasonic.o
 .text.Get_Distance
                0x00000000       0xb0 HAL/Ultrasonic.o
 .text.ULTRASONIC_Runnable
                0x00000000       0x7a HAL/Ultrasonic.o
 .text.DISTANCE_READ
                0x00000000       0x12 HAL/Ultrasonic.o
 .bss.i         0x00000000        0x1 HAL/Ultrasonic.o
 .bss.flag      0x00000000        0x1 HAL/Ultrasonic.o
 .bss.t2        0x00000000        0x2 HAL/Ultrasonic.o
 .bss.t1        0x00000000        0x2 HAL/Ultrasonic.o
 .comment       0x00000000       0x31 HAL/Ultrasonic.o
 COMMON         0x00000000       0x12 HAL/Ultrasonic.o
 .text          0x00000000        0x0 main.o
 .data          0x00000000        0x0 main.o
 .bss           0x00000000        0x0 main.o
 .text          0x00000000        0x0 MCAL/ADC.o
 .data          0x00000000        0x0 MCAL/ADC.o
 .bss           0x00000000        0x0 MCAL/ADC.o
 .text.ADC_Read
                0x00000000       0x18 MCAL/ADC.o
 .text.ADC_StartConversion
                0x00000000       0x1e MCAL/ADC.o
 .text.ADC_GetRead
                0x00000000        0xe MCAL/ADC.o
 .text.ADC_GetReadPeriodicCheck
                0x00000000       0x1a MCAL/ADC.o
 .text.ADC_ReadVolt
                0x00000000       0x22 MCAL/ADC.o
 .text.ADC_GetReadNoBlock
                0x00000000        0x6 MCAL/ADC.o
 .bss.ADC_ReadFlag
                0x00000000        0x1 MCAL/ADC.o
 .text          0x00000000        0x0 MCAL/DIO.o
 .data          0x00000000        0x0 MCAL/DIO.o
 .bss           0x00000000        0x0 MCAL/DIO.o
 .text.DIO_ReadPin
                0x00000000       0x3a MCAL/DIO.o
 .text.DIO_TogglePin
                0x00000000       0x6a MCAL/DIO.o
 .text          0x00000000        0x0 MCAL/EX_Interrupt.o
 .data          0x00000000        0x0 MCAL/EX_Interrupt.o
 .bss           0x00000000        0x0 MCAL/EX_Interrupt.o
 .text.EXI_Enable
                0x00000000       0x20 MCAL/EX_Interrupt.o
 .text.EXI_Disable
                0x00000000       0x20 MCAL/EX_Interrupt.o
 .text.EXI_TriggerEdge
                0x00000000       0x8c MCAL/EX_Interrupt.o
 .text.EXI_Init
                0x00000000       0x18 MCAL/EX_Interrupt.o
 .text.EXI_SetCallBack
                0x00000000       0x2a MCAL/EX_Interrupt.o
 .text          0x00000000        0x0 MCAL/Timers.o
 .data          0x00000000        0x0 MCAL/Timers.o
 .bss           0x00000000        0x0 MCAL/Timers.o
 .text.TIMER0_OV_InterruptEnable
                0x00000000        0x8 MCAL/Timers.o
 .text.TIMER0_OV_InterruptDisable
                0x00000000        0x8 MCAL/Timers.o
 .text.TIMER0_OC_InterruptEnable
                0x00000000        0x8 MCAL/Timers.o
 .text.TIMER0_OC_InterruptDisable
                0x00000000        0x8 MCAL/Timers.o
 .text.Timer1_InputCaptureEdge
                0x00000000       0x16 MCAL/Timers.o
 .text.Timer1_ICU_InterruptEnable
                0x00000000        0x8 MCAL/Timers.o
 .text.Timer1_ICU_InterruptDisable
                0x00000000        0x8 MCAL/Timers.o
 .text.Timer1_OVF_InterruptEnable
                0x00000000        0x8 MCAL/Timers.o
 .text.Timer1_OVF_InterruptDisable
                0x00000000        0x8 MCAL/Timers.o
 .text.Timer1_OCA_InterruptEnable
                0x00000000        0x8 MCAL/Timers.o
 .text.Timer1_OCA_InterruptDisable
                0x00000000        0x8 MCAL/Timers.o
 .text.Timer1_OCB_InterruptEnable
                0x00000000        0x8 MCAL/Timers.o
 .text.Timer1_OCB_InterruptDisable
                0x00000000        0x8 MCAL/Timers.o
 .text.Timer1_OVF_SetCallBack
                0x00000000        0xa MCAL/Timers.o
 .text.Timer1_OCA_SetCallBack
                0x00000000        0xa MCAL/Timers.o
 .text.Timer1_OCB_SetCallBack
                0x00000000        0xa MCAL/Timers.o
 .text.Timer1_ICU_SetCallBack
                0x00000000        0xa MCAL/Timers.o
 .text          0x00000000        0x0 MCAL/UART.o
 .data          0x00000000        0x0 MCAL/UART.o
 .bss           0x00000000        0x0 MCAL/UART.o
 .text.UART_Send
                0x00000000        0x8 MCAL/UART.o
 .text.UART_ReceivePerodic
                0x00000000       0x16 MCAL/UART.o
 .text          0x00000000        0x0 Segment.o
 .data          0x00000000        0x0 Segment.o
 .bss           0x00000000        0x0 Segment.o
 .rodata        0x00000000       0x1a Segment.o
 .text.segment_display
                0x00000000       0x5e Segment.o
 .text.segment_display_Hex
                0x00000000       0x60 Segment.o
 .text.segment_display_BCD
                0x00000000       0x12 Segment.o
 .text.segment_display_kit
                0x00000000       0x84 Segment.o
 .comment       0x00000000       0x31 Segment.o
 .text          0x00000000        0x0 SERVICES/Timers_Services.o
 .data          0x00000000        0x0 SERVICES/Timers_Services.o
 .bss           0x00000000        0x0 SERVICES/Timers_Services.o
 .text.Timer_func
                0x00000000       0x5c SERVICES/Timers_Services.o
 .text.PWM_Freq_KHZ
                0x00000000       0x24 SERVICES/Timers_Services.o
 .text.PWM_Freq_HZ
                0x00000000       0x2c SERVICES/Timers_Services.o
 .text.PWM_Duty
                0x00000000       0x34 SERVICES/Timers_Services.o
 .text.Timer1_SetInterruptTime_ms
                0x00000000       0x24 SERVICES/Timers_Services.o
 .text.Timer1_SetInterruptTime_us
                0x00000000       0x10 SERVICES/Timers_Services.o
 .text.PWM_Measure2
                0x00000000       0xaa SERVICES/Timers_Services.o
 .text.Timer1_SetInterruptTime_s
                0x00000000       0x5e SERVICES/Timers_Services.o
 .bss.c.1860    0x00000000        0x4 SERVICES/Timers_Services.o
 .bss.fptr_timer
                0x00000000        0x2 SERVICES/Timers_Services.o
 .bss.NofOverFlow
                0x00000000        0x4 SERVICES/Timers_Services.o
 .bss.flag      0x00000000        0x2 SERVICES/Timers_Services.o
 .bss.t3        0x00000000        0x2 SERVICES/Timers_Services.o
 .bss.t2        0x00000000        0x2 SERVICES/Timers_Services.o
 .bss.t1        0x00000000        0x2 SERVICES/Timers_Services.o
 .comment       0x00000000       0x31 SERVICES/Timers_Services.o
 .text          0x00000000        0x0 SERVICES/UART_Service.o
 .data          0x00000000        0x0 SERVICES/UART_Service.o
 .bss           0x00000000        0x0 SERVICES/UART_Service.o
 .text.UART_SendString
                0x00000000       0x26 SERVICES/UART_Service.o
 .text.UART_SendNumber
                0x00000000       0x2a SERVICES/UART_Service.o
 .text.UART_RecieveNumber
                0x00000000       0x78 SERVICES/UART_Service.o
 .text.endian_check
                0x00000000        0x4 SERVICES/UART_Service.o
 .text.endian_convert
                0x00000000       0x3c SERVICES/UART_Service.o
 .text.endian_convert16
                0x00000000        0x8 SERVICES/UART_Service.o
 .text.UART_SendStringCheckSum
                0x00000000       0x52 SERVICES/UART_Service.o
 .text.UART_ReceiveStringCheckSum
                0x00000000       0x60 SERVICES/UART_Service.o
 .text          0x00000000        0x0 c:/program files (x86)/atmel/studio/7.0/toolchain/avr8/avr8-gnu-toolchain/bin/../lib/gcc/avr/5.4.0/avr5\libgcc.a(_udivmodqi4.o)
 .data          0x00000000        0x0 c:/program files (x86)/atmel/studio/7.0/toolchain/avr8/avr8-gnu-toolchain/bin/../lib/gcc/avr/5.4.0/avr5\libgcc.a(_udivmodqi4.o)
 .bss           0x00000000        0x0 c:/program files (x86)/atmel/studio/7.0/toolchain/avr8/avr8-gnu-toolchain/bin/../lib/gcc/avr/5.4.0/avr5\libgcc.a(_udivmodqi4.o)
 .text.libgcc.mul
                0x00000000        0x0 c:/program files (x86)/atmel/studio/7.0/toolchain/avr8/avr8-gnu-toolchain/bin/../lib/gcc/avr/5.4.0/avr5\libgcc.a(_udivmodqi4.o)
 .text.libgcc.div
                0x00000000       0x18 c:/program files (x86)/atmel/studio/7.0/toolchain/avr8/avr8-gnu-toolchain/bin/../lib/gcc/avr/5.4.0/avr5\libgcc.a(_udivmodqi4.o)
 .text.libgcc   0x00000000        0x0 c:/program files (x86)/atmel/studio/7.0/toolchain/avr8/avr8-gnu-toolchain/bin/../lib/gcc/avr/5.4.0/avr5\libgcc.a(_udivmodqi4.o)
 .text.libgcc.prologue
                0x00000000        0x0 c:/program files (x86)/atmel/studio/7.0/toolchain/avr8/avr8-gnu-toolchain/bin/../lib/gcc/avr/5.4.0/avr5\libgcc.a(_udivmodqi4.o)
 .text.libgcc.builtins
                0x00000000        0x0 c:/program files (x86)/atmel/studio/7.0/toolchain/avr8/avr8-gnu-toolchain/bin/../lib/gcc/avr/5.4.0/avr5\libgcc.a(_udivmodqi4.o)
 .text.libgcc.fmul
                0x00000000        0x0 c:/program files (x86)/atmel/studio/7.0/toolchain/avr8/avr8-gnu-toolchain/bin/../lib/gcc/avr/5.4.0/avr5\libgcc.a(_udivmodqi4.o)
 .text.libgcc.fixed
                0x00000000        0x0 c:/program files (x86)/atmel/studio/7.0/toolchain/avr8/avr8-gnu-toolchain/bin/../lib/gcc/avr/5.4.0/avr5\libgcc.a(_udivmodqi4.o)
 .text          0x00000000        0x0 c:/program files (x86)/atmel/studio/7.0/toolchain/avr8/avr8-gnu-toolchain/bin/../lib/gcc/avr/5.4.0/avr5\libgcc.a(_udivmodhi4.o)
 .data          0x00000000        0x0 c:/program files (x86)/atmel/studio/7.0/toolchain/avr8/avr8-gnu-toolchain/bin/../lib/gcc/avr/5.4.0/avr5\libgcc.a(_udivmodhi4.o)
 .bss           0x00000000        0x0 c:/program files (x86)/atmel/studio/7.0/toolchain/avr8/avr8-gnu-toolchain/bin/../lib/gcc/avr/5.4.0/avr5\libgcc.a(_udivmodhi4.o)
 .text.libgcc.mul
                0x00000000        0x0 c:/program files (x86)/atmel/studio/7.0/toolchain/avr8/avr8-gnu-toolchain/bin/../lib/gcc/avr/5.4.0/avr5\libgcc.a(_udivmodhi4.o)
 .text.libgcc.div
                0x00000000       0x28 c:/program files (x86)/atmel/studio/7.0/toolchain/avr8/avr8-gnu-toolchain/bin/../lib/gcc/avr/5.4.0/avr5\libgcc.a(_udivmodhi4.o)
 .text.libgcc   0x00000000        0x0 c:/program files (x86)/atmel/studio/7.0/toolchain/avr8/avr8-gnu-toolchain/bin/../lib/gcc/avr/5.4.0/avr5\libgcc.a(_udivmodhi4.o)
 .text.libgcc.prologue
                0x00000000        0x0 c:/program files (x86)/atmel/studio/7.0/toolchain/avr8/avr8-gnu-toolchain/bin/../lib/gcc/avr/5.4.0/avr5\libgcc.a(_udivmodhi4.o)
 .text.libgcc.builtins
                0x00000000        0x0 c:/program files (x86)/atmel/studio/7.0/toolchain/avr8/avr8-gnu-toolchain/bin/../lib/gcc/avr/5.4.0/avr5\libgcc.a(_udivmodhi4.o)
 .text.libgcc.fmul
                0x00000000        0x0 c:/program files (x86)/atmel/studio/7.0/toolchain/avr8/avr8-gnu-toolchain/bin/../lib/gcc/avr/5.4.0/avr5\libgcc.a(_udivmodhi4.o)
 .text.libgcc.fixed
                0x00000000        0x0 c:/program files (x86)/atmel/studio/7.0/toolchain/avr8/avr8-gnu-toolchain/bin/../lib/gcc/avr/5.4.0/avr5\libgcc.a(_udivmodhi4.o)
 .text          0x00000000        0x0 c:/program files (x86)/atmel/studio/7.0/toolchain/avr8/avr8-gnu-toolchain/bin/../lib/gcc/avr/5.4.0/avr5\libgcc.a(_divmodhi4.o)
 .data          0x00000000        0x0 c:/program files (x86)/atmel/studio/7.0/toolchain/avr8/avr8-gnu-toolchain/bin/../lib/gcc/avr/5.4.0/avr5\libgcc.a(_divmodhi4.o)
 .bss           0x00000000        0x0 c:/program files (x86)/atmel/studio/7.0/toolchain/avr8/avr8-gnu-toolchain/bin/../lib/gcc/avr/5.4.0/avr5\libgcc.a(_divmodhi4.o)
 .text.libgcc.mul
                0x00000000        0x0 c:/program files (x86)/atmel/studio/7.0/toolchain/avr8/avr8-gnu-toolchain/bin/../lib/gcc/avr/5.4.0/avr5\libgcc.a(_divmodhi4.o)
 .text.libgcc.div
                0x00000000       0x28 c:/program files (x86)/atmel/studio/7.0/toolchain/avr8/avr8-gnu-toolchain/bin/../lib/gcc/avr/5.4.0/avr5\libgcc.a(_divmodhi4.o)
 .text.libgcc   0x00000000        0x0 c:/program files (x86)/atmel/studio/7.0/toolchain/avr8/avr8-gnu-toolchain/bin/../lib/gcc/avr/5.4.0/avr5\libgcc.a(_divmodhi4.o)
 .text.libgcc.prologue
                0x00000000        0x0 c:/program files (x86)/atmel/studio/7.0/toolchain/avr8/avr8-gnu-toolchain/bin/../lib/gcc/avr/5.4.0/avr5\libgcc.a(_divmodhi4.o)
 .text.libgcc.builtins
                0x00000000        0x0 c:/program files (x86)/atmel/studio/7.0/toolchain/avr8/avr8-gnu-toolchain/bin/../lib/gcc/avr/5.4.0/avr5\libgcc.a(_divmodhi4.o)
 .text.libgcc.fmul
                0x00000000        0x0 c:/program files (x86)/atmel/studio/7.0/toolchain/avr8/avr8-gnu-toolchain/bin/../lib/gcc/avr/5.4.0/avr5\libgcc.a(_divmodhi4.o)
 .text.libgcc.fixed
                0x00000000        0x0 c:/program files (x86)/atmel/studio/7.0/toolchain/avr8/avr8-gnu-toolchain/bin/../lib/gcc/avr/5.4.0/avr5\libgcc.a(_divmodhi4.o)
 .text          0x00000000        0x0 c:/program files (x86)/atmel/studio/7.0/toolchain/avr8/avr8-gnu-toolchain/bin/../lib/gcc/avr/5.4.0/avr5\libgcc.a(_udivmodsi4.o)
 .data          0x00000000        0x0 c:/program files (x86)/atmel/studio/7.0/toolchain/avr8/avr8-gnu-toolchain/bin/../lib/gcc/avr/5.4.0/avr5\libgcc.a(_udivmodsi4.o)
 .bss           0x00000000        0x0 c:/program files (x86)/atmel/studio/7.0/toolchain/avr8/avr8-gnu-toolchain/bin/../lib/gcc/avr/5.4.0/avr5\libgcc.a(_udivmodsi4.o)
 .text.libgcc.mul
                0x00000000        0x0 c:/program files (x86)/atmel/studio/7.0/toolchain/avr8/avr8-gnu-toolchain/bin/../lib/gcc/avr/5.4.0/avr5\libgcc.a(_udivmodsi4.o)
 .text.libgcc   0x00000000        0x0 c:/program files (x86)/atmel/studio/7.0/toolchain/avr8/avr8-gnu-toolchain/bin/../lib/gcc/avr/5.4.0/avr5\libgcc.a(_udivmodsi4.o)
 .text.libgcc.prologue
                0x00000000        0x0 c:/program files (x86)/atmel/studio/7.0/toolchain/avr8/avr8-gnu-toolchain/bin/../lib/gcc/avr/5.4.0/avr5\libgcc.a(_udivmodsi4.o)
 .text.libgcc.builtins
                0x00000000        0x0 c:/program files (x86)/atmel/studio/7.0/toolchain/avr8/avr8-gnu-toolchain/bin/../lib/gcc/avr/5.4.0/avr5\libgcc.a(_udivmodsi4.o)
 .text.libgcc.fmul
                0x00000000        0x0 c:/program files (x86)/atmel/studio/7.0/toolchain/avr8/avr8-gnu-toolchain/bin/../lib/gcc/avr/5.4.0/avr5\libgcc.a(_udivmodsi4.o)
 .text.libgcc.fixed
                0x00000000        0x0 c:/program files (x86)/atmel/studio/7.0/toolchain/avr8/avr8-gnu-toolchain/bin/../lib/gcc/avr/5.4.0/avr5\libgcc.a(_udivmodsi4.o)
 .text          0x00000000        0x0 c:/program files (x86)/atmel/studio/7.0/toolchain/avr8/avr8-gnu-toolchain/bin/../lib/gcc/avr/5.4.0/avr5\libgcc.a(_divmodsi4.o)
 .data          0x00000000        0x0 c:/program files (x86)/atmel/studio/7.0/toolchain/avr8/avr8-gnu-toolchain/bin/../lib/gcc/avr/5.4.0/avr5\libgcc.a(_divmodsi4.o)
 .bss           0x00000000        0x0 c:/program files (x86)/atmel/studio/7.0/toolchain/avr8/avr8-gnu-toolchain/bin/../lib/gcc/avr/5.4.0/avr5\libgcc.a(_divmodsi4.o)
 .text.libgcc.mul
                0x00000000        0x0 c:/program files (x86)/atmel/studio/7.0/toolchain/avr8/avr8-gnu-toolchain/bin/../lib/gcc/avr/5.4.0/avr5\libgcc.a(_divmodsi4.o)
 .text.libgcc   0x00000000        0x0 c:/program files (x86)/atmel/studio/7.0/toolchain/avr8/avr8-gnu-toolchain/bin/../lib/gcc/avr/5.4.0/avr5\libgcc.a(_divmodsi4.o)
 .text.libgcc.prologue
                0x00000000        0x0 c:/program files (x86)/atmel/studio/7.0/toolchain/avr8/avr8-gnu-toolchain/bin/../lib/gcc/avr/5.4.0/avr5\libgcc.a(_divmodsi4.o)
 .text.libgcc.builtins
                0x00000000        0x0 c:/program files (x86)/atmel/studio/7.0/toolchain/avr8/avr8-gnu-toolchain/bin/../lib/gcc/avr/5.4.0/avr5\libgcc.a(_divmodsi4.o)
 .text.libgcc.fmul
                0x00000000        0x0 c:/program files (x86)/atmel/studio/7.0/toolchain/avr8/avr8-gnu-toolchain/bin/../lib/gcc/avr/5.4.0/avr5\libgcc.a(_divmodsi4.o)
 .text.libgcc.fixed
                0x00000000        0x0 c:/program files (x86)/atmel/studio/7.0/toolchain/avr8/avr8-gnu-toolchain/bin/../lib/gcc/avr/5.4.0/avr5\libgcc.a(_divmodsi4.o)
 .text          0x00000000        0x0 c:/program files (x86)/atmel/studio/7.0/toolchain/avr8/avr8-gnu-toolchain/bin/../lib/gcc/avr/5.4.0/avr5\libgcc.a(_negsi2.o)
 .data          0x00000000        0x0 c:/program files (x86)/atmel/studio/7.0/toolchain/avr8/avr8-gnu-toolchain/bin/../lib/gcc/avr/5.4.0/avr5\libgcc.a(_negsi2.o)
 .bss           0x00000000        0x0 c:/program files (x86)/atmel/studio/7.0/toolchain/avr8/avr8-gnu-toolchain/bin/../lib/gcc/avr/5.4.0/avr5\libgcc.a(_negsi2.o)
 .text.libgcc.mul
                0x00000000        0x0 c:/program files (x86)/atmel/studio/7.0/toolchain/avr8/avr8-gnu-toolchain/bin/../lib/gcc/avr/5.4.0/avr5\libgcc.a(_negsi2.o)
 .text.libgcc   0x00000000        0x0 c:/program files (x86)/atmel/studio/7.0/toolchain/avr8/avr8-gnu-toolchain/bin/../lib/gcc/avr/5.4.0/avr5\libgcc.a(_negsi2.o)
 .text.libgcc.prologue
                0x00000000        0x0 c:/program files (x86)/atmel/studio/7.0/toolchain/avr8/avr8-gnu-toolchain/bin/../lib/gcc/avr/5.4.0/avr5\libgcc.a(_negsi2.o)
 .text.libgcc.builtins
                0x00000000        0x0 c:/program files (x86)/atmel/studio/7.0/toolchain/avr8/avr8-gnu-toolchain/bin/../lib/gcc/avr/5.4.0/avr5\libgcc.a(_negsi2.o)
 .text.libgcc.fmul
                0x00000000        0x0 c:/program files (x86)/atmel/studio/7.0/toolchain/avr8/avr8-gnu-toolchain/bin/../lib/gcc/avr/5.4.0/avr5\libgcc.a(_negsi2.o)
 .text.libgcc.fixed
                0x00000000        0x0 c:/program files (x86)/atmel/studio/7.0/toolchain/avr8/avr8-gnu-toolchain/bin/../lib/gcc/avr/5.4.0/avr5\libgcc.a(_negsi2.o)
 .text          0x00000000        0x0 c:/program files (x86)/atmel/studio/7.0/toolchain/avr8/avr8-gnu-toolchain/bin/../lib/gcc/avr/5.4.0/avr5\libgcc.a(_exit.o)
 .data          0x00000000        0x0 c:/program files (x86)/atmel/studio/7.0/toolchain/avr8/avr8-gnu-toolchain/bin/../lib/gcc/avr/5.4.0/avr5\libgcc.a(_exit.o)
 .bss           0x00000000        0x0 c:/program files (x86)/atmel/studio/7.0/toolchain/avr8/avr8-gnu-toolchain/bin/../lib/gcc/avr/5.4.0/avr5\libgcc.a(_exit.o)
 .text.libgcc.mul
                0x00000000        0x0 c:/program files (x86)/atmel/studio/7.0/toolchain/avr8/avr8-gnu-toolchain/bin/../lib/gcc/avr/5.4.0/avr5\libgcc.a(_exit.o)
 .text.libgcc.div
                0x00000000        0x0 c:/program files (x86)/atmel/studio/7.0/toolchain/avr8/avr8-gnu-toolchain/bin/../lib/gcc/avr/5.4.0/avr5\libgcc.a(_exit.o)
 .text.libgcc   0x00000000        0x0 c:/program files (x86)/atmel/studio/7.0/toolchain/avr8/avr8-gnu-toolchain/bin/../lib/gcc/avr/5.4.0/avr5\libgcc.a(_exit.o)
 .text.libgcc.prologue
                0x00000000        0x0 c:/program files (x86)/atmel/studio/7.0/toolchain/avr8/avr8-gnu-toolchain/bin/../lib/gcc/avr/5.4.0/avr5\libgcc.a(_exit.o)
 .text.libgcc.builtins
                0x00000000        0x0 c:/program files (x86)/atmel/studio/7.0/toolchain/avr8/avr8-gnu-toolchain/bin/../lib/gcc/avr/5.4.0/avr5\libgcc.a(_exit.o)
 .text.libgcc.fmul
                0x00000000        0x0 c:/program files (x86)/atmel/studio/7.0/toolchain/avr8/avr8-gnu-toolchain/bin/../lib/gcc/avr/5.4.0/avr5\libgcc.a(_exit.o)
 .text.libgcc.fixed
                0x00000000        0x0 c:/program files (x86)/atmel/studio/7.0/toolchain/avr8/avr8-gnu-toolchain/bin/../lib/gcc/avr/5.4.0/avr5\libgcc.a(_exit.o)
 .text          0x00000000        0x0 c:/program files (x86)/atmel/studio/7.0/toolchain/avr8/avr8-gnu-toolchain/bin/../lib/gcc/avr/5.4.0/avr5\libgcc.a(_copy_data.o)
 .data          0x00000000        0x0 c:/program files (x86)/atmel/studio/7.0/toolchain/avr8/avr8-gnu-toolchain/bin/../lib/gcc/avr/5.4.0/avr5\libgcc.a(_copy_data.o)
 .bss           0x00000000        0x0 c:/program files (x86)/atmel/studio/7.0/toolchain/avr8/avr8-gnu-toolchain/bin/../lib/gcc/avr/5.4.0/avr5\libgcc.a(_copy_data.o)
 .text.libgcc.mul
                0x00000000        0x0 c:/program files (x86)/atmel/studio/7.0/toolchain/avr8/avr8-gnu-toolchain/bin/../lib/gcc/avr/5.4.0/avr5\libgcc.a(_copy_data.o)
 .text.libgcc.div
                0x00000000        0x0 c:/program files (x86)/atmel/studio/7.0/toolchain/avr8/avr8-gnu-toolchain/bin/../lib/gcc/avr/5.4.0/avr5\libgcc.a(_copy_data.o)
 .text.libgcc   0x00000000        0x0 c:/program files (x86)/atmel/studio/7.0/toolchain/avr8/avr8-gnu-toolchain/bin/../lib/gcc/avr/5.4.0/avr5\libgcc.a(_copy_data.o)
 .text.libgcc.prologue
                0x00000000        0x0 c:/program files (x86)/atmel/studio/7.0/toolchain/avr8/avr8-gnu-toolchain/bin/../lib/gcc/avr/5.4.0/avr5\libgcc.a(_copy_data.o)
 .text.libgcc.builtins
                0x00000000        0x0 c:/program files (x86)/atmel/studio/7.0/toolchain/avr8/avr8-gnu-toolchain/bin/../lib/gcc/avr/5.4.0/avr5\libgcc.a(_copy_data.o)
 .text.libgcc.fmul
                0x00000000        0x0 c:/program files (x86)/atmel/studio/7.0/toolchain/avr8/avr8-gnu-toolchain/bin/../lib/gcc/avr/5.4.0/avr5\libgcc.a(_copy_data.o)
 .text.libgcc.fixed
                0x00000000        0x0 c:/program files (x86)/atmel/studio/7.0/toolchain/avr8/avr8-gnu-toolchain/bin/../lib/gcc/avr/5.4.0/avr5\libgcc.a(_copy_data.o)
 .text          0x00000000        0x0 c:/program files (x86)/atmel/studio/7.0/toolchain/avr8/avr8-gnu-toolchain/bin/../lib/gcc/avr/5.4.0/avr5\libgcc.a(_clear_bss.o)
 .data          0x00000000        0x0 c:/program files (x86)/atmel/studio/7.0/toolchain/avr8/avr8-gnu-toolchain/bin/../lib/gcc/avr/5.4.0/avr5\libgcc.a(_clear_bss.o)
 .bss           0x00000000        0x0 c:/program files (x86)/atmel/studio/7.0/toolchain/avr8/avr8-gnu-toolchain/bin/../lib/gcc/avr/5.4.0/avr5\libgcc.a(_clear_bss.o)
 .text.libgcc.mul
                0x00000000        0x0 c:/program files (x86)/atmel/studio/7.0/toolchain/avr8/avr8-gnu-toolchain/bin/../lib/gcc/avr/5.4.0/avr5\libgcc.a(_clear_bss.o)
 .text.libgcc.div
                0x00000000        0x0 c:/program files (x86)/atmel/studio/7.0/toolchain/avr8/avr8-gnu-toolchain/bin/../lib/gcc/avr/5.4.0/avr5\libgcc.a(_clear_bss.o)
 .text.libgcc   0x00000000        0x0 c:/program files (x86)/atmel/studio/7.0/toolchain/avr8/avr8-gnu-toolchain/bin/../lib/gcc/avr/5.4.0/avr5\libgcc.a(_clear_bss.o)
 .text.libgcc.prologue
                0x00000000        0x0 c:/program files (x86)/atmel/studio/7.0/toolchain/avr8/avr8-gnu-toolchain/bin/../lib/gcc/avr/5.4.0/avr5\libgcc.a(_clear_bss.o)
 .text.libgcc.builtins
                0x00000000        0x0 c:/program files (x86)/atmel/studio/7.0/toolchain/avr8/avr8-gnu-toolchain/bin/../lib/gcc/avr/5.4.0/avr5\libgcc.a(_clear_bss.o)
 .text.libgcc.fmul
                0x00000000        0x0 c:/program files (x86)/atmel/studio/7.0/toolchain/avr8/avr8-gnu-toolchain/bin/../lib/gcc/avr/5.4.0/avr5\libgcc.a(_clear_bss.o)
 .text.libgcc.fixed
                0x00000000        0x0 c:/program files (x86)/atmel/studio/7.0/toolchain/avr8/avr8-gnu-toolchain/bin/../lib/gcc/avr/5.4.0/avr5\libgcc.a(_clear_bss.o)
 .text          0x00000000        0x0 c:/program files (x86)/atmel/studio/7.0/toolchain/avr8/avr8-gnu-toolchain/bin/../lib/gcc/avr/5.4.0/avr5\libgcc.a(_bswapsi2.o)
 .data          0x00000000        0x0 c:/program files (x86)/atmel/studio/7.0/toolchain/avr8/avr8-gnu-toolchain/bin/../lib/gcc/avr/5.4.0/avr5\libgcc.a(_bswapsi2.o)
 .bss           0x00000000        0x0 c:/program files (x86)/atmel/studio/7.0/toolchain/avr8/avr8-gnu-toolchain/bin/../lib/gcc/avr/5.4.0/avr5\libgcc.a(_bswapsi2.o)
 .text.libgcc.mul
                0x00000000        0x0 c:/program files (x86)/atmel/studio/7.0/toolchain/avr8/avr8-gnu-toolchain/bin/../lib/gcc/avr/5.4.0/avr5\libgcc.a(_bswapsi2.o)
 .text.libgcc.div
                0x00000000        0x0 c:/program files (x86)/atmel/studio/7.0/toolchain/avr8/avr8-gnu-toolchain/bin/../lib/gcc/avr/5.4.0/avr5\libgcc.a(_bswapsi2.o)
 .text.libgcc   0x00000000        0x0 c:/program files (x86)/atmel/studio/7.0/toolchain/avr8/avr8-gnu-toolchain/bin/../lib/gcc/avr/5.4.0/avr5\libgcc.a(_bswapsi2.o)
 .text.libgcc.prologue
                0x00000000        0x0 c:/program files (x86)/atmel/studio/7.0/toolchain/avr8/avr8-gnu-toolchain/bin/../lib/gcc/avr/5.4.0/avr5\libgcc.a(_bswapsi2.o)
 .text.libgcc.builtins
                0x00000000        0xe c:/program files (x86)/atmel/studio/7.0/toolchain/avr8/avr8-gnu-toolchain/bin/../lib/gcc/avr/5.4.0/avr5\libgcc.a(_bswapsi2.o)
 .text.libgcc.fmul
                0x00000000        0x0 c:/program files (x86)/atmel/studio/7.0/toolchain/avr8/avr8-gnu-toolchain/bin/../lib/gcc/avr/5.4.0/avr5\libgcc.a(_bswapsi2.o)
 .text.libgcc.fixed
                0x00000000        0x0 c:/program files (x86)/atmel/studio/7.0/toolchain/avr8/avr8-gnu-toolchain/bin/../lib/gcc/avr/5.4.0/avr5\libgcc.a(_bswapsi2.o)
 .text          0x00000000        0x0 c:/program files (x86)/atmel/studio/7.0/toolchain/avr8/avr8-gnu-toolchain/bin/../lib/gcc/avr/5.4.0/avr5\libgcc.a(_umulhisi3.o)
 .data          0x00000000        0x0 c:/program files (x86)/atmel/studio/7.0/toolchain/avr8/avr8-gnu-toolchain/bin/../lib/gcc/avr/5.4.0/avr5\libgcc.a(_umulhisi3.o)
 .bss           0x00000000        0x0 c:/program files (x86)/atmel/studio/7.0/toolchain/avr8/avr8-gnu-toolchain/bin/../lib/gcc/avr/5.4.0/avr5\libgcc.a(_umulhisi3.o)
 .text.libgcc.mul
                0x00000000       0x1e c:/program files (x86)/atmel/studio/7.0/toolchain/avr8/avr8-gnu-toolchain/bin/../lib/gcc/avr/5.4.0/avr5\libgcc.a(_umulhisi3.o)
 .text.libgcc.div
                0x00000000        0x0 c:/program files (x86)/atmel/studio/7.0/toolchain/avr8/avr8-gnu-toolchain/bin/../lib/gcc/avr/5.4.0/avr5\libgcc.a(_umulhisi3.o)
 .text.libgcc   0x00000000        0x0 c:/program files (x86)/atmel/studio/7.0/toolchain/avr8/avr8-gnu-toolchain/bin/../lib/gcc/avr/5.4.0/avr5\libgcc.a(_umulhisi3.o)
 .text.libgcc.prologue
                0x00000000        0x0 c:/program files (x86)/atmel/studio/7.0/toolchain/avr8/avr8-gnu-toolchain/bin/../lib/gcc/avr/5.4.0/avr5\libgcc.a(_umulhisi3.o)
 .text.libgcc.builtins
                0x00000000        0x0 c:/program files (x86)/atmel/studio/7.0/toolchain/avr8/avr8-gnu-toolchain/bin/../lib/gcc/avr/5.4.0/avr5\libgcc.a(_umulhisi3.o)
 .text.libgcc.fmul
                0x00000000        0x0 c:/program files (x86)/atmel/studio/7.0/toolchain/avr8/avr8-gnu-toolchain/bin/../lib/gcc/avr/5.4.0/avr5\libgcc.a(_umulhisi3.o)
 .text.libgcc.fixed
                0x00000000        0x0 c:/program files (x86)/atmel/studio/7.0/toolchain/avr8/avr8-gnu-toolchain/bin/../lib/gcc/avr/5.4.0/avr5\libgcc.a(_umulhisi3.o)

Memory Configuration

Name             Origin             Length             Attributes
text             0x00000000         0x00008000         xr
data             0x00800060         0x00000800         rw !x
eeprom           0x00810000         0x00000400         rw !x
fuse             0x00820000         0x00000002         rw !x
lock             0x00830000         0x00000400         rw !x
signature        0x00840000         0x00000400         rw !x
user_signatures  0x00850000         0x00000400         rw !x
*default*        0x00000000         0xffffffff

Linker script and memory map

LOAD C:/Program Files (x86)/Atmel/Studio/7.0/Packs/atmel/ATmega_DFP/1.7.374/gcc/dev/atmega32/avr5/crtatmega32.o
LOAD APP/Car.o
LOAD APP/TEMP_Filter.o
LOAD CFG/DIO_Cfg.o
LOAD CFG/EX_Interrupt_Cfg.o
LOAD HAL/KeyPad.o
LOAD HAL/LCD.o
LOAD HAL/Motors.o
LOAD HAL/RGB.o
LOAD HAL/Sensors.o
LOAD HAL/Servo.o
LOAD HAL/Ultrasonic.o
LOAD main.o
LOAD MCAL/ADC.o
LOAD MCAL/DIO.o
LOAD MCAL/EX_Interrupt.o
LOAD MCAL/Timers.o
LOAD MCAL/UART.o
LOAD Segment.o
LOAD SERVICES/Timers_Services.o
LOAD SERVICES/UART_Service.o
START GROUP
LOAD c:/program files (x86)/atmel/studio/7.0/toolchain/avr8/avr8-gnu-toolchain/bin/../lib/gcc/avr/5.4.0/../../../../avr/lib/avr5\libm.a
END GROUP
START GROUP
LOAD c:/program files (x86)/atmel/studio/7.0/toolchain/avr8/avr8-gnu-toolchain/bin/../lib/gcc/avr/5.4.0/avr5\libgcc.a
LOAD c:/program files (x86)/atmel/studio/7.0/toolchain/avr8/avr8-gnu-toolchain/bin/../lib/gcc/avr/5.4.0/../../../../avr/lib/avr5\libm.a
LOAD c:/program files (x86)/atmel/studio/7.0/toolchain/avr8/avr8-gnu-toolchain/bin/../lib/gcc/avr/5.4.0/../../../../avr/lib/avr5\libc.a
LOAD C:/Program Files (x86)/Atmel/Studio/7.0/Packs/atmel/ATmega_DFP/1.7.374/gcc/dev/atmega32/avr5\libatmega32.a
END GROUP
                0x00000000                __TEXT_REGION_ORIGIN__ = DEFINED (__TEXT_REGION_ORIGIN__)?__TEXT_REGION_ORIGIN__:0x0
                [0x00800060]                __DATA_REGION_ORIGIN__ = DEFINED (__DATA_REGION_ORIGIN__)?__DATA_REGION_ORIGIN__:0x800060
                [0x00008000]                __TEXT_REGION_LENGTH__ = DEFINED (__TEXT_REGION_LENGTH__)?__TEXT_REGION_LENGTH__:0x20000
                [0x00000800]                __DATA_REGION_LENGTH__ = DEFINED (__DATA_REGION_LENGTH__)?__DATA_REGION_LENGTH__:0xffa0
                [0x00000400]                __EEPROM_REGION_LENGTH__ = DEFINED (__EEPROM_REGION_LENGTH__)?__EEPROM_REGION_LENGTH__:0x10000
                [0x00000002]                __FUSE_REGION_LENGTH__ = DEFINED (__FUSE_REGION_LENGTH__)?__FUSE_REGION_LENGTH__:0x400
                0x00000400                __LOCK_REGION_LENGTH__ = DEFINED (__LOCK_REGION_LENGTH__)?__LOCK_REGION_LENGTH__:0x400
                0x00000400                __SIGNATURE_REGION_LENGTH__ = DEFINED (__SIGNATURE_REGION_LENGTH__)?__SIGNATURE_REGION_LENGTH__:0x400
                0x00000400                __USER_SIGNATURE_REGION_LENGTH__ = DEFINED (__USER_SIGNATURE_REGION_LENGTH__)?__USER_SIGNATURE_REGION_LENGTH__:0x400

.hash
 *(.hash)

.dynsym
 *(.dynsym)

.dynstr
 *(.dynstr)

.gnu.version
 *(.gnu.version)

.gnu.version_d
 *(.gnu.version_d)

.gnu.version_r
 *(.gnu.version_r)

.rel.init
 *(.rel.init)

.rela.init
 *(.rela.init)

.rel.text
 *(.rel.text)
 *(.rel.text.*)
 *(.rel.gnu.linkonce.t*)

.rela.text
 *(.rela.text)
 *(.rela.text.*)
 *(.rela.gnu.linkonce.t*)

.rel.fini
 *(.rel.fini)

.rela.fini
 *(.rela.fini)

.rel.rodata
 *(.rel.rodata)
 *(.rel.rodata.*)
 *(.rel.gnu.linkonce.r*)

.rela.rodata
 *(.rela.rodata)
 *(.rela.rodata.*)
 *(.rela.gnu.linkonce.r*)

.rel.data
 *(.rel.data)
 *(.rel.data.*)
 *(.rel.gnu.linkonce.d*)

.rela.data
 *(.rela.data)
 *(.rela.data.*)
 *(.rela.gnu.linkonce.d*)

.rel.ctors
 *(.rel.ctors)

.rela.ctors
 *(.rela.ctors)

.rel.dtors
 *(.rel.dtors)

.rela.dtors
 *(.rela.dtors)

.rel.got
 *(.rel.got)

.rela.got
 *(.rela.got)

.rel.bss
 *(.rel.bss)

.rela.bss
 *(.rela.bss)

.rel.plt
 *(.rel.plt)

.rela.plt
 *(.rela.plt)

.text           0x00000000      0xd28
 *(.vectors)
 .vectors       0x00000000       0x54 C:/Program Files (x86)/Atmel/Studio/7.0/Packs/atmel/ATmega_DFP/1.7.374/gcc/dev/atmega32/avr5/crtatmega32.o
                0x00000000                __vector_default
                0x00000000                __vectors
 *(.vectors)
 *(.progmem.gcc*)
                0x00000054                . = ALIGN (0x2)
                0x00000054                __trampolines_start = .
 *(.trampolines)
 .trampolines   0x00000054        0x0 linker stubs
 *(.trampolines*)
                0x00000054                __trampolines_end = .
 *libprintf_flt.a:*(.progmem.data)
 *libc.a:*(.progmem.data)
 *(.progmem*)
                0x00000054                . = ALIGN (0x2)
 *(.jumptables)
 *(.jumptables*)
 *(.lowtext)
 *(.lowtext*)
                0x00000054                __ctors_start = .
 *(.ctors)
                0x00000054                __ctors_end = .
                0x00000054                __dtors_start = .
 *(.dtors)
                0x00000054                __dtors_end = .
 SORT(*)(.ctors)
 SORT(*)(.dtors)
 *(.init0)
 .init0         0x00000054        0x0 C:/Program Files (x86)/Atmel/Studio/7.0/Packs/atmel/ATmega_DFP/1.7.374/gcc/dev/atmega32/avr5/crtatmega32.o
                0x00000054                __init
 *(.init0)
 *(.init1)
 *(.init1)
 *(.init2)
 .init2         0x00000054        0xc C:/Program Files (x86)/Atmel/Studio/7.0/Packs/atmel/ATmega_DFP/1.7.374/gcc/dev/atmega32/avr5/crtatmega32.o
 *(.init2)
 *(.init3)
 *(.init3)
 *(.init4)
 .init4         0x00000060       0x16 c:/program files (x86)/atmel/studio/7.0/toolchain/avr8/avr8-gnu-toolchain/bin/../lib/gcc/avr/5.4.0/avr5\libgcc.a(_copy_data.o)
                0x00000060                __do_copy_data
 .init4         0x00000076       0x10 c:/program files (x86)/atmel/studio/7.0/toolchain/avr8/avr8-gnu-toolchain/bin/../lib/gcc/avr/5.4.0/avr5\libgcc.a(_clear_bss.o)
                0x00000076                __do_clear_bss
 *(.init4)
 *(.init5)
 *(.init5)
 *(.init6)
 *(.init6)
 *(.init7)
 *(.init7)
 *(.init8)
 *(.init8)
 *(.init9)
 .init9         0x00000086        0x8 C:/Program Files (x86)/Atmel/Studio/7.0/Packs/atmel/ATmega_DFP/1.7.374/gcc/dev/atmega32/avr5/crtatmega32.o
 *(.init9)
 *(.text)
 .text          0x0000008e        0x4 C:/Program Files (x86)/Atmel/Studio/7.0/Packs/atmel/ATmega_DFP/1.7.374/gcc/dev/atmega32/avr5/crtatmega32.o
                0x0000008e                __vector_12
                0x0000008e                __bad_interrupt
                0x0000008e                __vector_11
                0x0000008e                __vector_13
                0x0000008e                __vector_17
                0x0000008e                __vector_19
                0x0000008e                __vector_5
                0x0000008e                __vector_4
                0x0000008e                __vector_15
                0x0000008e                __vector_14
                0x0000008e                __vector_10
                0x0000008e                __vector_16
                0x0000008e                __vector_18
                0x0000008e                __vector_20
                0x00000092                . = ALIGN (0x2)
 *(.text.*)
 .text.KEYPAD_Init
                0x00000092       0x20 HAL/KeyPad.o
                0x00000092                KEYPAD_Init
 .text.WriteIns
                0x000000b2       0xc0 HAL/LCD.o
 .text.WriteData
                0x00000172       0xc0 HAL/LCD.o
 .text.LCD_Init
                0x00000232       0x3c HAL/LCD.o
                0x00000232                LCD_Init
 .text.LCD_WriteString
                0x0000026e       0x26 HAL/LCD.o
                0x0000026e                LCD_WriteString
 .text.LCD_SetCursor
                0x00000294       0x18 HAL/LCD.o
                0x00000294                LCD_SetCursor
 .text.LCD_Clear
                0x000002ac       0x14 HAL/LCD.o
                0x000002ac                LCD_Clear
 .text.LCD_WriteNumber
                0x000002c0       0xf6 HAL/LCD.o
                0x000002c0                LCD_WriteNumber
 .text.RGB_Init
                0x000003b6       0x2c HAL/RGB.o
                0x000003b6                RGB_Init
 .text.RGB_Set  0x000003e2       0x34 HAL/RGB.o
                0x000003e2                RGB_Set
 .text.Led_on   0x00000416       0x14 main.o
                0x00000416                Led_on
 .text.Led_off  0x0000042a       0x16 main.o
                0x0000042a                Led_off
 .text.String_divide
                0x00000440       0x56 main.o
                0x00000440                String_divide
 .text.String_compare
                0x00000496       0x30 main.o
                0x00000496                String_compare
 .text.String_search
                0x000004c6       0x3c main.o
                0x000004c6                String_search
 .text.startup.main
                0x00000502       0xea main.o
                0x00000502                main
 .text.ADC_Init
                0x000005ec       0x2a MCAL/ADC.o
                0x000005ec                ADC_Init
 .text.DIO_Init
                0x00000616      0x1bc MCAL/DIO.o
                0x00000616                DIO_Init
 .text.DIO_WritePin
                0x000007d2      0x102 MCAL/DIO.o
                0x000007d2                DIO_WritePin
 .text.DIO_WritePort
                0x000008d4       0x20 MCAL/DIO.o
                0x000008d4                DIO_WritePort
 .text.__vector_1
                0x000008f4       0x10 MCAL/EX_Interrupt.o
                0x000008f4                __vector_1
 .text.__vector_2
                0x00000904       0x54 MCAL/EX_Interrupt.o
                0x00000904                __vector_2
 .text.__vector_3
                0x00000958       0x52 MCAL/EX_Interrupt.o
                0x00000958                __vector_3
 .text.TIMER0_Init
                0x000009aa       0x40 MCAL/Timers.o
                0x000009aa                TIMER0_Init
 .text.TIMER0_OC0Mode
                0x000009ea       0x36 MCAL/Timers.o
                0x000009ea                TIMER0_OC0Mode
 .text.Timer1_Init
                0x00000a20       0x78 MCAL/Timers.o
                0x00000a20                Timer1_Init
 .text.Timer1_OCRA1Mode
                0x00000a98       0x36 MCAL/Timers.o
                0x00000a98                Timer1_OCRA1Mode
 .text.Timer1_OCRB1Mode
                0x00000ace       0x36 MCAL/Timers.o
                0x00000ace                Timer1_OCRB1Mode
 .text.__vector_9
                0x00000b04       0x52 MCAL/Timers.o
                0x00000b04                __vector_9
 .text.__vector_7
                0x00000b56       0x52 MCAL/Timers.o
                0x00000b56                __vector_7
 .text.__vector_8
                0x00000ba8       0x52 MCAL/Timers.o
                0x00000ba8                __vector_8
 .text.__vector_6
                0x00000bfa       0x52 MCAL/Timers.o
                0x00000bfa                __vector_6
 .text.UART_Init
                0x00000c4c        0xc MCAL/UART.o
                0x00000c4c                UART_Init
 .text.UART_Receive
                0x00000c58        0x8 MCAL/UART.o
                0x00000c58                UART_Receive
 .text.UART_ReceiveString
                0x00000c60       0x42 SERVICES/UART_Service.o
                0x00000c60                UART_ReceiveString
 .text.libgcc.div
                0x00000ca2       0x44 c:/program files (x86)/atmel/studio/7.0/toolchain/avr8/avr8-gnu-toolchain/bin/../lib/gcc/avr/5.4.0/avr5\libgcc.a(_udivmodsi4.o)
                0x00000ca2                __udivmodsi4
 .text.libgcc.div
                0x00000ce6       0x2e c:/program files (x86)/atmel/studio/7.0/toolchain/avr8/avr8-gnu-toolchain/bin/../lib/gcc/avr/5.4.0/avr5\libgcc.a(_divmodsi4.o)
                0x00000ce6                __divmodsi4
 .text.libgcc.div
                0x00000d14       0x10 c:/program files (x86)/atmel/studio/7.0/toolchain/avr8/avr8-gnu-toolchain/bin/../lib/gcc/avr/5.4.0/avr5\libgcc.a(_negsi2.o)
                0x00000d14                __negsi2
                0x00000d24                . = ALIGN (0x2)
 *(.fini9)
 .fini9         0x00000d24        0x0 c:/program files (x86)/atmel/studio/7.0/toolchain/avr8/avr8-gnu-toolchain/bin/../lib/gcc/avr/5.4.0/avr5\libgcc.a(_exit.o)
                0x00000d24                _exit
                0x00000d24                exit
 *(.fini9)
 *(.fini8)
 *(.fini8)
 *(.fini7)
 *(.fini7)
 *(.fini6)
 *(.fini6)
 *(.fini5)
 *(.fini5)
 *(.fini4)
 *(.fini4)
 *(.fini3)
 *(.fini3)
 *(.fini2)
 *(.fini2)
 *(.fini1)
 *(.fini1)
 *(.fini0)
 .fini0         0x00000d24        0x4 c:/program files (x86)/atmel/studio/7.0/toolchain/avr8/avr8-gnu-toolchain/bin/../lib/gcc/avr/5.4.0/avr5\libgcc.a(_exit.o)
 *(.fini0)
                0x00000d28                _etext = .

.data           0x00800060       0x72 load address 0x00000d28
                0x00800060                PROVIDE (__data_start, .)
 *(.data)
 *(.data*)
 .data.colours_arr
                0x00800060       0x18 HAL/RGB.o
                0x00800060                colours_arr
 *(.gnu.linkonce.d*)
 *(.rodata)
 .rodata        0x00800078        0xc main.o
 *(.rodata*)
 .rodata.PinsStatusArray
                0x00800084       0x20 CFG/DIO_Cfg.o
                0x00800084                PinsStatusArray
 .rodata.str1.1
                0x008000a4       0x2d main.o
 *(.gnu.linkonce.r*)
                0x008000d2                . = ALIGN (0x2)
 *fill*         0x008000d1        0x1 
                0x008000d2                _edata = .
                0x008000d2                PROVIDE (__data_end, .)

.bss            0x008000d2        0xe
                0x008000d2                PROVIDE (__bss_start, .)
 *(.bss)
 *(.bss*)
 .bss.INT2_Fptr
                0x008000d2        0x2 MCAL/EX_Interrupt.o
 .bss.INT1_Fptr
                0x008000d4        0x2 MCAL/EX_Interrupt.o
 .bss.INT0_Fptr
                0x008000d6        0x2 MCAL/EX_Interrupt.o
 .bss.Timer1_ICU_Fptr
                0x008000d8        0x2 MCAL/Timers.o
 .bss.Timer1_OCB_Fptr
                0x008000da        0x2 MCAL/Timers.o
 .bss.Timer1_OCA_Fptr
                0x008000dc        0x2 MCAL/Timers.o
 .bss.Timer1_OVF_Fptr
                0x008000de        0x2 MCAL/Timers.o
 *(COMMON)
                0x008000e0                PROVIDE (__bss_end, .)
                0x00000d28                __data_load_start = LOADADDR (.data)
                0x00000d9a                __data_load_end = (__data_load_start + SIZEOF (.data))

.noinit         0x008000e0        0x0
                [!provide]                PROVIDE (__noinit_start, .)
 *(.noinit*)
                [!provide]                PROVIDE (__noinit_end, .)
                0x008000e0                _end = .
                [!provide]                PROVIDE (__heap_start, .)

.eeprom         0x00810000        0x0
 *(.eeprom*)
                0x00810000                __eeprom_end = .

.fuse
 *(.fuse)
 *(.lfuse)
 *(.hfuse)
 *(.efuse)

.lock
 *(.lock*)

.signature
 *(.signature*)

.user_signatures
 *(.user_signatures*)

.stab
 *(.stab)

.stabstr
 *(.stabstr)

.stab.excl
 *(.stab.excl)

.stab.exclstr
 *(.stab.exclstr)

.stab.index
 *(.stab.index)

.stab.indexstr
 *(.stab.indexstr)

.comment        0x00000000       0x30
 *(.comment)
 .comment       0x00000000       0x30 CFG/DIO_Cfg.o
                                 0x31 (size before relaxing)
 .comment       0x00000030       0x31 HAL/KeyPad.o
 .comment       0x00000030       0x31 HAL/LCD.o
 .comment       0x00000030       0x31 HAL/RGB.o
 .comment       0x00000030       0x31 main.o
 .comment       0x00000030       0x31 MCAL/ADC.o
 .comment       0x00000030       0x31 MCAL/DIO.o
 .comment       0x00000030       0x31 MCAL/EX_Interrupt.o
 .comment       0x00000030       0x31 MCAL/Timers.o
 .comment       0x00000030       0x31 MCAL/UART.o
 .comment       0x00000030       0x31 SERVICES/UART_Service.o

.note.gnu.avr.deviceinfo
                0x00000000       0x3c
 .note.gnu.avr.deviceinfo
                0x00000000       0x3c C:/Program Files (x86)/Atmel/Studio/7.0/Packs/atmel/ATmega_DFP/1.7.374/gcc/dev/atmega32/avr5/crtatmega32.o

.note.gnu.build-id
 *(.note.gnu.build-id)

.debug
 *(.debug)

.line
 *(.line)

.debug_srcinfo
 *(.debug_srcinfo)

.debug_sfnames
 *(.debug_sfnames)

.debug_aranges
 *(.debug_aranges)

.debug_pubnames
 *(.debug_pubnames)

.debug_info     0x00000000      0x4e6
 *(.debug_info .gnu.linkonce.wi.*)
 .debug_info    0x00000000      0x4e6 C:/Program Files (x86)/Atmel/Studio/7.0/Packs/atmel/ATmega_DFP/1.7.374/gcc/dev/atmega32/avr5/crtatmega32.o

.debug_abbrev   0x00000000      0x4a3
 *(.debug_abbrev)
 .debug_abbrev  0x00000000      0x4a3 C:/Program Files (x86)/Atmel/Studio/7.0/Packs/atmel/ATmega_DFP/1.7.374/gcc/dev/atmega32/avr5/crtatmega32.o

.debug_line     0x00000000      0x116
 *(.debug_line .debug_line.* .debug_line_end)
 .debug_line    0x00000000      0x116 C:/Program Files (x86)/Atmel/Studio/7.0/Packs/atmel/ATmega_DFP/1.7.374/gcc/dev/atmega32/avr5/crtatmega32.o

.debug_frame
 *(.debug_frame)

.debug_str      0x00000000      0x196
 *(.debug_str)
 .debug_str     0x00000000      0x196 C:/Program Files (x86)/Atmel/Studio/7.0/Packs/atmel/ATmega_DFP/1.7.374/gcc/dev/atmega32/avr5/crtatmega32.o

.debug_loc
 *(.debug_loc)

.debug_macinfo
 *(.debug_macinfo)

.debug_weaknames
 *(.debug_weaknames)

.debug_funcnames
 *(.debug_funcnames)

.debug_typenames
 *(.debug_typenames)

.debug_varnames
 *(.debug_varnames)

.debug_pubtypes
 *(.debug_pubtypes)

.debug_ranges
 *(.debug_ranges)

.debug_macro
 *(.debug_macro)
OUTPUT(UART TASK.elf elf32-avr)
LOAD linker stubs
